for for
if if
else else
while while
switch switch
case case
break break
return return
private private
public public
this this
booleanAnd &&
booleanOr ||
booleanXor xor
isEqualTo ==
lessThanOrEqualTo <=
greaterThanOrEqualTo >=
true True
false False
rightShift >>
leftShift <<
comment //
commentStart /*
commentEnd */
leftBrace {
rightBrace }
leftBracket [
rightBracket ]
leftParen (
rightParen )
not ~
backtick `
invert !
at @
hashtag #
money $
mod %
raiseToPower ^
and &
times *
minus -
underscore _
equals =
add +
backslash \
pipe |
colon :
semiColon ;
doubleQuotes "
singleQuotes '
lessThan <
comma ,
greaterThan >
dot .
question ?
divide /
zero 0
one 1
two 2
three 3
four 4
five 5
six 6
seven 7
eight 8
nine 9
aye a
bee b
sea c
dee d
ee e
eff f
gee g
ach h
aye i
jay j
kay k
el l
mmm m
in n
oh o
pee p
queue q
are r
ss s
tea t
you u
vee v
doubleyou w
ex x
why y
zee z
Aye A
Bee B
Sea C
Dee D
Ee E
Eff F
Gee G
Ach H
Eye I
Jay J
Kay K
El L
Mmm M
In N
Oh O
Pee P
Queue Q
Are R
Ss S
Tea T
You U
Vee V
DoubleYou W
Ex X
Why Y
Zee Z